[load] holding /dev/ttyUSB0 low to reset the core
[load] 4745 words to 0x40000000
load
ok 40000000
*** Booting Zephyr OS build 4.1.0 ***
thread_a: Hello World from cpu 0 on ax7a200b!
thread_b: Hello World from cpu 0 on ax7a200b!
thread_a: Hello World from cpu 0 on ax7a200b!
thread_b: Hello World from cpu 0 on ax7a200b!
thread_a: Hello World from cpu 0 on ax7a200b!
thread_b: Hello World from cpu 0 on ax7a200b!
thread_a: Hello World from cpu 0 on ax7a200b!
thread_b: Hello World from cpu 0 on ax7a200b!
thread_a: Hello World from cpu 0 on ax7a200b!
thread_b: Hello World from cpu 0 on ax7a200b!
thread_a: Hello World from cpu 0 on ax7a200b!
thread_b: Hello World from cpu 0 on ax7a200b!
thread_a: Hello World from cpu 0 on ax7a200b!
thread_b: Hello World from cpu 0 on ax7a200b!
thread_a: Hello World from cpu 0 on ax7a200b!
thread_b: Hello World from cpu 0 on ax7a200b!
thread_a: Hello World from cpu 0 on ax7a200b!
thread_b: Hello World from cpu 0 on ax7a200b!
thread_a: Hello World from cpu 0 on ax7a200b!
thread_b: Hello World from cpu 0 on ax7a200b!
thread_a: Hello World from cpu 0 on ax7a200b!
thread_b: Hello World from cpu 0 on ax7a200b!
thread_a: Hello World from cpu 0 on ax7a200b!
thread_b: Hello World from cpu 0 on ax7a200b!
thread_a: Hello World from cpu 0 on ax7a200b!
thread_b: Hello World from cpu 0 on ax7a200b!
thread_a: Hello World from cpu 0 on ax7a200b!
thread_b: Hello World from cpu 0 on ax7a200b!
thread_a: Hello World from cpu 0 on ax7a200b!
thread_b: Hello World from cpu 0 on ax7a200b!
thread_a: Hello World from cpu 0 on ax7a200b!
thread_b: Hello World from cpu 0 on ax7a200b!
thread_a: Hello World from cpu 0 on ax7a200b!
thread_b: Hello World from cpu 0 on ax7a200b!
thread_a: Hello World from cpu 0 on ax7a200b!
thread_b: Hello World from cpu 0 on ax7a200b!
thread_a: Hello World from cpu 0 on ax7a200b!
thread_b: Hello World from cpu 0 on ax7a200b!
thread_a: Hello World from cpu 0 on ax7a200b!
thread_b: Hello World from cpu 0 on ax7a200b!
thread_a: Hello World from cpu 0 on ax7a200b!
thread_b: Hello World from cpu 0 on ax7a200b!
thread_a: Hello World from cpu 0 on ax7a200b!
thread_b: Hello World from cpu 0 on ax7a200b!
thread_a: Hello World from cpu 0 on ax7a200b!
thread_b: Hello World from cpu 0 on ax7a200b!
thread_a: Hello World from cpu 0 on ax7a200b!
thread_b: Hello World from cpu 0 on ax7a200b!
thread_a: Hello World from cpu 0 on ax7a200b!
thread_b: Hello World from cpu 0 on ax7a200b!
thread_a: Hello World from cpu 0 on ax7a200b!
thread_b: Hello World from cpu 0 on ax7a200b!
thread_a: Hello World from cpu 0 on ax7a200b!
thread_b: Hello World from cpu 0 on ax7a200b!
thread_a: Hello World from cpu 0 on ax7a200b!
thread_b: Hello World from cpu 0 on ax7a200b!
thread_a: Hello World from cpu 0 on ax7a200b!
thread_b: Hello World from cpu 0 on ax7a200b!
thread_a: Hello World from cpu 0 on ax7a200b!
thread_b: Hello World from cpu 0 on ax7a200b!
thread_a: Hello World from cpu 0 on ax7a200b!
thread_b: Hello World from cpu 0 on ax7a200b!
thread_a: Hello World from cpu 0 on ax7a200b!
thread_b: Hello World from cpu 0 on ax7a200b!
thread_a: Hello World from cpu 0 on ax7a200b!
thread_b: Hello World from cpu 0 on ax7a200b!
thread_a: Hello World from cpu 0 on ax7a200b!
thread_b: Hello World from cpu 0 on ax7a200b!
thread_a: Hello World from cpu 0 on ax7a200b!
thread_b: Hello World from cpu 0 on ax7a200b!
thread_a: Hello World from cpu 0 on ax7a200b!
thread_b: Hello World from cpu 0 on ax7a200b!
thread_a: Hello World from cpu 0 on ax7a200b!
thread_b: Hello World from cpu 0 on ax7a200b!
thread_a: Hello World from cpu 0 on ax7a200b!
thread_b: Hello World from cpu 0 on ax7a200b!
thread_a: Hello World from cpu 0 on ax7a200b!
thread_b: Hello World from cpu 0 on ax7a200b!
thread_a: Hello World from cpu 0 on ax7a200b!
thread_b: Hello World from cpu 0 on ax7a200b!
thread_a: Hello World from cpu 0 on ax7a200b!
thread_b: Hello World from cpu 0 on ax7a200b!
thread_a: Hello World from cpu 0 on ax7a200b!
thread_b: Hello World from cpu 0 on ax7a200b!
thread_a: Hello World from cpu 0 on ax7a200b!
thread_b: Hello World from cpu 0 on ax7a200b!
thread_a: Hello World from cpu 0 on ax7a200b!
thread_b: Hello World from cpu 0 on ax7a200b!
thread_a: Hello World from cpu 0 on ax7a200b!
thread_b: Hello World from cpu 0 on ax7a200b!
thread_a: Hello World from cpu 0 on ax7a200b!
thread_b: Hello World from cpu 0 on ax7a200b!
thread_a: Hello World from cpu 0 on ax7a200b!
thread_b: Hello World from cpu 0 on ax7a200b!
thread_a: Hello World from cpu 0 on ax7a200b!
thread_b: Hello World from cpu 0 on ax7a200b!
thread_a: Hello World from cpu 0 on ax7a200b!
thread_b: Hello World from cpu 0 on ax7a200b!
thread_a: Hello World from cpu 0 on ax7a200b!
thread_b: Hello World from cpu 0 on ax7a200b!
thread_a: Hello World from cpu 0 on ax7a200b!
thread_b: Hello World from cpu 0 on ax7a200b!
thread_a: Hello World from cpu 0 on ax7a200b!
thread_b: Hello World from cpu 0 on ax7a200b!
thread_a: Hello World from cpu 0 on ax7a200b!
thread_b: Hello World from cpu 0 on ax7a200b!
thread_a: Hello World from cpu 0 on ax7a200b!
thread_b: Hello World from cpu 0 on ax7a200b!
thread_a: Hello World from cpu 0 on ax7a200b!
thread_b: Hello World from cpu 0 on ax7a200b!
thread_a: Hello World from cpu 0 on ax7a200b!
thread_b: Hello World from cpu 0 on ax7a200b!
thread_a: Hello World from cpu 0 on ax7a200b!
thread_b: Hello World from cpu 0 on ax7a200b!
thread_a: Hello World from cpu 0 on ax7a200b!
thread_b: Hello World from cpu 0 on ax7a200b!
thread_a: Hello World from cpu 0 on ax7a200b!
thread_b: Hello World from cpu 0 on ax7a200b!
thread_a: Hello World from cpu 0 on ax7a200b!
thread_b: Hello World from cpu 0 on ax7a200b!
thread_a: Hello World from cpu 0 on ax7a200b!
thread_b: Hello World from cpu 0 on ax7a200b!
thread_a: Hello World from cpu 0 on ax7a200b!
thread_b: Hello World from cpu 0 on ax7a200b!
thread_a: Hello World from cpu 0 on ax7a200b!
thread_b: Hello World from cpu 0 on ax7a200b!
thread_a: Hello World from cpu 0 on ax7a200b!
thread_b: Hello World from cpu 0 on ax7a200b!
thread_a: Hello World from cpu 0 on ax7a200b!
thread_b: Hello World from cpu 0 on ax7a200b!
thread_a: Hello World from cpu 0 on ax7a200b!
thread_b: Hello World from cpu 0 on ax7a200b!
thread_a: Hello World from cpu 0 on ax7a200b!
thread_b: Hello World from cpu 0 on ax7a200b!
thread_a: Hello World from cpu 0 on ax7a200b!
thread_b: Hello World from cpu 0 on ax7a200b!
thread_a: Hello World from cpu 0 on ax7a200b!
thread_b: Hello World from cpu 0 on ax7a200b!
thread_a: Hello World from cpu 0 on ax7a200b!
thread_b: Hello World from cpu 0 on ax7a200b!
thread_a: Hello World from cpu 0 on ax7a200b!
thread_b: Hello World from cpu 0 on ax7a200b!
thread_a: Hello World from cpu 0 on ax7a200b!
thread_b: Hello World from cpu 0 on ax7a200b!
thread_a: Hello World from cpu 0 on ax7a200b!
thread_b: Hello World from cpu 0 on ax7a200b!
thread_a: Hello World from cpu 0 on ax7a200b!
thread_b: Hello World from cpu 0 on ax7a200b!
thread_a: Hello World from cpu 0 on ax7a200b!
thread_b: Hello World from cpu 0 on ax7a200b!
thread_a: Hello World from cpu 0 on ax7a200b!
thread_b: Hello World from cpu 0 on ax7a200b!
thread_a: Hello World from cpu 0 on ax7a200b!
thread_b: Hello World from cpu 0 on ax7a200b!
thread_a: Hello World from cpu 0 on ax7a200b!
thread_b: Hello World from cpu 0 on ax7a200b!
thread_a: Hello World from cpu 0 on ax7a200b!
thread_b: Hello World from cpu 0 on ax7a200b!
thread_a: Hello World from cpu 0 on ax7a200b!
thread_b: Hello World from cpu 0 on ax7a200b!
thread_a: Hello World from cpu 0 on ax7a200b!
thread_b: Hello World from cpu 0 on ax7a200b!
thread_a: Hello World from cpu 0 on ax7a200b!
thread_b: Hello World from cpu 0 on ax7a200b!
thread_a: Hello World from cpu 0 on ax7a200b!
thread_b: Hello World from cpu 0 on ax7a200b!
thread_a: Hello World from cpu 0 on ax7a200b!
thread_b: Hello World from cpu 0 on ax7a200b!
thread_a: Hello World from cpu 0 on ax7a200b!
thread_b: Hello World from cpu 0 on ax7a200b!
thread_a: Hello World from cpu 0 on ax7a200b!
thread_b: Hello World from cpu 0 on ax7a200b!
thread_a: Hello World from cpu 0 on ax7a200b!
thread_b: Hello World from cpu 0 on ax7a200b!
thread_a: Hello World from cpu 0 on ax7a200b!
thread_b: Hello World from cpu 0 on ax7a200b!
thread_a: Hello World from cpu 0 on ax7a200b!
thread_b: Hello World from cpu 0 on ax7a200b!
thread_a: Hello World from cpu 0 on ax7a200b!
thread_b: Hello World from cpu 0 on ax7a200b!
thread_a: Hello World from cpu 0 on ax7a200b!
thread_b: Hello World from cpu 0 on ax7a200b!
thread_a: Hello World from cpu 0 on ax7a200b!
thread_b: Hello World from cpu 0 on ax7a200b!
thread_a: Hello World from cpu 0 on ax7a200b!
thread_b: Hello World from cpu 0 on ax7a200b!
thread_a: Hello World from cpu 0 on ax7a200b!
thread_b: Hello World from cpu 0 on ax7a200b!
thread_a: Hello World from cpu 0 on ax7a200b!
thread_b: Hello World from cpu 0 on ax7a200b!
thread_a: Hello World from cpu 0 on ax7a200b!
thread_b: Hello World from cpu 0 on ax7a200b!
thread_a: Hello World from cpu 0 on ax7a200b!
thread_b: Hello World from cpu 0 on ax7a200b!
thread_a: Hello World from cpu 0 on ax7a200b!
thread_b: Hello World from cpu 0 on ax7a200b!
thread_a: Hello World from cpu 0 on ax7a200b!
thread_b: Hello World from cpu 0 on ax7a200b!
thread_a: Hello World from cpu 0 on ax7a200b!
thread_b: Hello World from cpu 0 on ax7a200b!
thread_a: Hello World from cpu 0 on ax7a200b!
thread_b: Hello World from cpu 0 on ax7a200b!
thread_a: Hello World from cpu 0 on ax7a200b!
thread_b: Hello World from cpu 0 on ax7a200b!
thread_a: Hello World from cpu 0 on ax7a200b!
thread_b: Hello World from cpu 0 on ax7a200b!
thread_a: Hello World from cpu 0 on ax7a200b!

